// Jest Snapshot v1, https://goo.gl/fbAQLP

exports[`Login should match snapshot 1`] = `ReactWrapper {}`;

exports[`Login should match snapshot 2`] = `"<main class=\\"MuiGrid-root makeStyles-root-1 MuiGrid-container MuiGrid-align-items-xs-center MuiGrid-justify-xs-center\\"> <div class=\\"MuiGrid-root makeStyles-main-2 MuiGrid-item MuiGrid-grid-xs-10 MuiGrid-grid-sm-8 MuiGrid-grid-md-4\\"><div class=\\"MuiPaper-root makeStyles-paper-3 MuiPaper-elevation3 MuiPaper-rounded\\"><img src=\\"padlock.svg\\" alt=\\"padlock\\" class=\\"makeStyles-image-5\\"><p class=\\"MuiTypography-root makeStyles-title-4 MuiTypography-body1 MuiTypography-colorPrimary\\">LOGIN</p><form class=\\"makeStyles-form-6\\" data-cy=\\"login-form\\"><div class=\\"MuiGrid-root makeStyles-input-7 MuiGrid-item\\"><div class=\\"MuiFormControl-root MuiTextField-root makeStyles-root-9\\" data-cy=\\"input-email-wrapper\\"><label class=\\"MuiFormLabel-root MuiFormLabel-colorSecondary MuiInputLabel-root MuiInputLabel-formControl MuiInputLabel-animated MuiInputLabel-outlined Mui-required Mui-required\\" data-shrink=\\"false\\" for=\\"standard-secondary\\" id=\\"standard-secondary-label\\">Email<span aria-hidden=\\"true\\" class=\\"MuiFormLabel-asterisk MuiInputLabel-asterisk\\"> *</span></label><div class=\\"MuiInputBase-root MuiOutlinedInput-root MuiInputBase-colorSecondary MuiOutlinedInput-colorSecondary MuiInputBase-formControl\\"><input aria-invalid=\\"false\\" id=\\"standard-secondary\\" name=\\"email\\" placeholder=\\"johndow@email.com\\" required=\\"\\" type=\\"email\\" data-cy=\\"input-email\\" class=\\"MuiInputBase-input MuiOutlinedInput-input\\" value=\\"\\"><fieldset aria-hidden=\\"true\\" class=\\"PrivateNotchedOutline-root-10 MuiOutlinedInput-notchedOutline\\"><legend class=\\"PrivateNotchedOutline-legendLabelled-12\\"><span>Email&nbsp;*</span></legend></fieldset></div></div></div><div class=\\"MuiGrid-root makeStyles-input-7 MuiGrid-item\\"><div class=\\"MuiFormControl-root MuiTextField-root makeStyles-root-9\\" data-cy=\\"input-password-wrapper\\"><label class=\\"MuiFormLabel-root MuiFormLabel-colorSecondary MuiInputLabel-root MuiInputLabel-formControl MuiInputLabel-animated MuiInputLabel-outlined Mui-required Mui-required\\" data-shrink=\\"false\\" for=\\"standard-secondary\\" id=\\"standard-secondary-label\\">Password<span aria-hidden=\\"true\\" class=\\"MuiFormLabel-asterisk MuiInputLabel-asterisk\\"> *</span></label><div class=\\"MuiInputBase-root MuiOutlinedInput-root MuiInputBase-colorSecondary MuiOutlinedInput-colorSecondary MuiInputBase-formControl\\"><input aria-invalid=\\"false\\" id=\\"standard-secondary\\" name=\\"password\\" required=\\"\\" type=\\"password\\" data-cy=\\"input-password\\" class=\\"MuiInputBase-input MuiOutlinedInput-input\\" value=\\"\\"><fieldset aria-hidden=\\"true\\" class=\\"PrivateNotchedOutline-root-10 MuiOutlinedInput-notchedOutline\\"><legend class=\\"PrivateNotchedOutline-legendLabelled-12\\"><span>Password&nbsp;*</span></legend></fieldset></div></div></div><button class=\\"MuiButtonBase-root MuiButton-root MuiButton-contained makeStyles-button-8 MuiButton-containedSecondary\\" tabindex=\\"0\\" type=\\"button\\" data-cy=\\"button-submit\\"><span class=\\"MuiButton-label\\">LogIn</span><span class=\\"MuiTouchRipple-root\\"></span></button></form></div></div></main>"`;
