// Jest Snapshot v1, https://goo.gl/fbAQLP

exports[`SignUp should match snapshot 1`] = `ReactWrapper {}`;

exports[`SignUp should match snapshot 2`] = `"<h1>Sign Up</h1><form data-cy=\\"signUp-form\\"><div class=\\"MuiFormControl-root MuiTextField-root makeStyles-root-1\\" data-cy=\\"input-name-wrapper\\"><label class=\\"MuiFormLabel-root MuiFormLabel-colorSecondary MuiInputLabel-root MuiInputLabel-formControl MuiInputLabel-animated MuiInputLabel-outlined Mui-required Mui-required\\" data-shrink=\\"false\\" for=\\"standard-secondary\\" id=\\"standard-secondary-label\\">Name<span aria-hidden=\\"true\\" class=\\"MuiFormLabel-asterisk MuiInputLabel-asterisk\\"> *</span></label><div class=\\"MuiInputBase-root MuiOutlinedInput-root MuiInputBase-colorSecondary MuiOutlinedInput-colorSecondary MuiInputBase-formControl\\"><input aria-invalid=\\"false\\" id=\\"standard-secondary\\" name=\\"name\\" placeholder=\\"John Doe\\" required=\\"\\" type=\\"text\\" data-cy=\\"input-name\\" class=\\"MuiInputBase-input MuiOutlinedInput-input\\" value=\\"\\"><fieldset aria-hidden=\\"true\\" class=\\"PrivateNotchedOutline-root-2 MuiOutlinedInput-notchedOutline\\"><legend class=\\"PrivateNotchedOutline-legendLabelled-4\\"><span>Name&nbsp;*</span></legend></fieldset></div></div><div class=\\"MuiFormControl-root MuiTextField-root makeStyles-root-1\\" data-cy=\\"input-email-wrapper\\"><label class=\\"MuiFormLabel-root MuiFormLabel-colorSecondary MuiInputLabel-root MuiInputLabel-formControl MuiInputLabel-animated MuiInputLabel-outlined Mui-required Mui-required\\" data-shrink=\\"false\\" for=\\"standard-secondary\\" id=\\"standard-secondary-label\\">Email<span aria-hidden=\\"true\\" class=\\"MuiFormLabel-asterisk MuiInputLabel-asterisk\\"> *</span></label><div class=\\"MuiInputBase-root MuiOutlinedInput-root MuiInputBase-colorSecondary MuiOutlinedInput-colorSecondary MuiInputBase-formControl\\"><input aria-invalid=\\"false\\" id=\\"standard-secondary\\" name=\\"email\\" placeholder=\\"johndoe@email.com\\" required=\\"\\" type=\\"email\\" data-cy=\\"input-email\\" class=\\"MuiInputBase-input MuiOutlinedInput-input\\" value=\\"\\"><fieldset aria-hidden=\\"true\\" class=\\"PrivateNotchedOutline-root-2 MuiOutlinedInput-notchedOutline\\"><legend class=\\"PrivateNotchedOutline-legendLabelled-4\\"><span>Email&nbsp;*</span></legend></fieldset></div></div><div class=\\"MuiFormControl-root MuiTextField-root makeStyles-root-1\\" data-cy=\\"input-password-wrapper\\"><label class=\\"MuiFormLabel-root MuiFormLabel-colorSecondary MuiInputLabel-root MuiInputLabel-formControl MuiInputLabel-animated MuiInputLabel-outlined Mui-required Mui-required\\" data-shrink=\\"false\\" for=\\"standard-secondary\\" id=\\"standard-secondary-label\\">Password<span aria-hidden=\\"true\\" class=\\"MuiFormLabel-asterisk MuiInputLabel-asterisk\\"> *</span></label><div class=\\"MuiInputBase-root MuiOutlinedInput-root MuiInputBase-colorSecondary MuiOutlinedInput-colorSecondary MuiInputBase-formControl\\"><input aria-invalid=\\"false\\" id=\\"standard-secondary\\" name=\\"password\\" required=\\"\\" type=\\"password\\" data-cy=\\"input-password\\" class=\\"MuiInputBase-input MuiOutlinedInput-input\\" value=\\"\\"><fieldset aria-hidden=\\"true\\" class=\\"PrivateNotchedOutline-root-2 MuiOutlinedInput-notchedOutline\\"><legend class=\\"PrivateNotchedOutline-legendLabelled-4\\"><span>Password&nbsp;*</span></legend></fieldset></div></div><input type=\\"checkbox\\" name=\\"adm\\" data-cy=\\"checkbox\\"><button class=\\"MuiButtonBase-root MuiButton-root MuiButton-contained MuiButton-containedSecondary MuiButton-containedSizeLarge MuiButton-sizeLarge Mui-disabled Mui-disabled\\" tabindex=\\"-1\\" type=\\"button\\" disabled=\\"\\" data-cy=\\"sign-up-submit-button\\"><span class=\\"MuiButton-label\\"> Submit </span></button></form>"`;
