// Jest Snapshot v1, https://goo.gl/fbAQLP

exports[`  1`] = `ShallowWrapper {}`;

exports[`  2`] = `[Function]`;

exports[`Footer should match Snapshot 1`] = `ShallowWrapper {}`;

exports[`Footer should match Snapshot 2`] = `[Function]`;
