// Jest Snapshot v1, https://goo.gl/fbAQLP

exports[`Profile Card should match snapshot 1`] = `ShallowWrapper {}`;

exports[`Profile Card should match snapshot 2`] = `""`;
