// Jest Snapshot v1, https://goo.gl/fbAQLP

exports[`SignUp should match snapshot 1`] = `ReactWrapper {}`;

exports[`SignUp should match snapshot 2`] = `"<form><div class=\\"MuiFormControl-root MuiTextField-root makeStyles-root-1\\" data-cy=\\"input-name-wrapper\\"><label class=\\"MuiFormLabel-root MuiFormLabel-colorSecondary MuiInputLabel-root MuiInputLabel-formControl MuiInputLabel-animated MuiInputLabel-outlined Mui-required Mui-required\\" data-shrink=\\"false\\" for=\\"standard-secondary\\" id=\\"standard-secondary-label\\">Name<span aria-hidden=\\"true\\" class=\\"MuiFormLabel-asterisk MuiInputLabel-asterisk\\"> *</span></label><div class=\\"MuiInputBase-root MuiOutlinedInput-root MuiInputBase-colorSecondary MuiOutlinedInput-colorSecondary MuiInputBase-formControl\\"><input aria-invalid=\\"false\\" id=\\"standard-secondary\\" name=\\"name\\" placeholder=\\"Tech name\\" required=\\"\\" type=\\"text\\" data-cy=\\"input-name\\" class=\\"MuiInputBase-input MuiOutlinedInput-input\\" value=\\"\\"><fieldset aria-hidden=\\"true\\" class=\\"PrivateNotchedOutline-root-2 MuiOutlinedInput-notchedOutline\\"><legend class=\\"PrivateNotchedOutline-legendLabelled-4\\"><span>Name&nbsp;*</span></legend></fieldset></div></div><textarea rows=\\"10\\" name=\\"description\\" cols=\\"30\\" placeholder=\\"Description\\" style=\\"height: -4px; overflow: hidden;\\"></textarea><textarea aria-hidden=\\"true\\" readonly=\\"\\" tabindex=\\"-1\\" style=\\"visibility: hidden; position: absolute; overflow: hidden; height: 0px; top: 0px; left: 0px; transform: translateZ(0);\\"></textarea><label class=\\"MuiFormLabel-root MuiInputLabel-root MuiInputLabel-animated\\" id=\\"demo-simple-select-label\\">Select Category</label><div class=\\"MuiInputBase-root MuiInput-root MuiInput-underline\\"><div class=\\"MuiSelect-root MuiSelect-select MuiSelect-selectMenu MuiInputBase-input MuiInput-input\\" tabindex=\\"0\\" role=\\"button\\" aria-haspopup=\\"listbox\\" aria-labelledby=\\"demo-simple-select-label mui-component-select-category\\" id=\\"mui-component-select-category\\"><span>​</span></div><input name=\\"category\\" aria-hidden=\\"true\\" tabindex=\\"-1\\" class=\\"MuiSelect-nativeInput\\" value=\\"Select Category\\"><svg class=\\"MuiSvgIcon-root MuiSelect-icon\\" focusable=\\"false\\" viewBox=\\"0 0 24 24\\" aria-hidden=\\"true\\"><path d=\\"M7 10l5 5 5-5z\\"></path></svg></div><div class=\\"MuiFormControl-root MuiTextField-root makeStyles-root-1\\" data-cy=\\"input-creator-wrapper\\"><label class=\\"MuiFormLabel-root MuiFormLabel-colorSecondary MuiInputLabel-root MuiInputLabel-formControl MuiInputLabel-animated MuiInputLabel-outlined Mui-required Mui-required\\" data-shrink=\\"false\\" for=\\"standard-secondary\\" id=\\"standard-secondary-label\\">Creator<span aria-hidden=\\"true\\" class=\\"MuiFormLabel-asterisk MuiInputLabel-asterisk\\"> *</span></label><div class=\\"MuiInputBase-root MuiOutlinedInput-root MuiInputBase-colorSecondary MuiOutlinedInput-colorSecondary MuiInputBase-formControl\\"><input aria-invalid=\\"false\\" id=\\"standard-secondary\\" name=\\"creator\\" placeholder=\\"Creator\\" required=\\"\\" type=\\"text\\" data-cy=\\"input-creator\\" class=\\"MuiInputBase-input MuiOutlinedInput-input\\" value=\\"\\"><fieldset aria-hidden=\\"true\\" class=\\"PrivateNotchedOutline-root-2 MuiOutlinedInput-notchedOutline\\"><legend class=\\"PrivateNotchedOutline-legendLabelled-4\\"><span>Creator&nbsp;*</span></legend></fieldset></div></div><button class=\\"MuiButtonBase-root MuiButton-root MuiButton-text\\" tabindex=\\"0\\" type=\\"button\\"><span class=\\"MuiButton-label\\"> Submit</span><span class=\\"MuiTouchRipple-root\\"></span></button></form>"`;
