// Jest Snapshot v1, https://goo.gl/fbAQLP

exports[`NavBar should render correctly 1`] = `ReactWrapper {}`;

exports[`NavBar should render correctly with user not logged 1`] = `ReactWrapper {}`;
